Build	Run tests	я╗┐2026-10-07T22:02:28.0453131Z ##[group]Run ./gradlew test --no-daemon
Build	Run tests	2026-10-07T22:02:28.0453564Z ^[[36;1m./gradlew test --no-daemon^[[0m
Build	Run tests	2026-10-07T22:02:28.0748124Z shell: /usr/bin/bash -e {0}
Build	Run tests	2026-10-07T22:02:28.0748538Z env:
Build	Run tests	2026-10-07T22:02:28.0748821Z   PERIOD: 10
Build	Run tests	2026-10-07T22:02:28.0749123Z   ATTEMPTS: 60
Build	Run tests	2026-10-07T22:02:28.0749592Z   JAVA_HOME: /opt/hostedtoolcache/Java_Temurin-Hotspot_jdk/21.0.12-1/x64
Build	Run tests	2026-10-07T22:02:28.0750341Z   JAVA_HOME_21_X64: /opt/hostedtoolcache/Java_Temurin-Hotspot_jdk/21.0.12-1/x64
Build	Run tests	2026-10-07T22:02:28.0750937Z ##[endgroup]
Build	Run tests	2026-10-07T22:02:30.4617203Z 
Build	Run tests	2026-10-07T22:02:30.4618377Z Welcome to Gradle 9.7.1!
Build	Run tests	2026-10-07T22:02:30.4630208Z 
Build	Run tests	2026-10-07T22:02:30.4630754Z Here are the highlights of this release:
Build	Run tests	2026-10-07T22:02:30.4631790Z  - Isolated Projects graduates to incubating
Build	Run tests	2026-10-07T22:02:30.4633377Z  - Broader Configuration Cache compatibility
Build	Run tests	2026-10-07T22:02:30.4634361Z  - Resilient Sync helps you fix broken builds
Build	Run tests	2026-10-07T22:02:30.4635291Z  - More source locations in problem reports
Build	Run tests	2026-10-07T22:02:30.4636054Z 
Build	Run tests	2026-10-07T22:02:30.4637018Z For more details see https://docs.gradle.org/9.7.1/release-notes.html
Build	Run tests	2026-10-07T22:02:30.4637938Z 
Build	Run tests	2026-10-07T22:02:30.7598092Z To honour the JVM settings for this build a single-use Daemon process will be forked. For more on this, please refer to https://docs.gradle.org/9.7.1/userguide/gradle_daemon.html#sec:disabling_the_daemon in the Gradle documentation.
Build	Run tests	2026-10-07T22:02:32.0588593Z Daemon will be stopped at the end of the build 
Build	Run tests	2026-10-07T22:02:40.3590666Z 
Build	Run tests	2026-10-07T22:02:40.3597710Z > Configure project :authentik-api
Build	Run tests	2026-10-07T22:02:40.3599168Z OpenAPI path: /home/runner/work/portal-backend/portal-backend/api/authentik-api/authentik.yaml
Build	Run tests	2026-10-07T22:02:40.4601363Z 
Build	Run tests	2026-10-07T22:02:40.4602565Z > Configure project :axios-client
Build	Run tests	2026-10-07T22:02:40.4604028Z OpenAPI path: /home/runner/work/portal-backend/portal-backend/api/axios-client/../openapi.yaml
Build	Run tests	2026-10-07T22:02:40.5587163Z 
Build	Run tests	2026-10-07T22:02:40.5591195Z > Configure project :helpdesk-api
Build	Run tests	2026-10-07T22:02:40.5622062Z OpenAPI path: /home/runner/work/portal-backend/portal-backend/api/helpdesk-api/helpdesk.yaml
Build	Run tests	2026-10-07T22:02:40.6588766Z 
Build	Run tests	2026-10-07T22:02:40.6616852Z > Configure project :outline-api
Build	Run tests	2026-10-07T22:02:40.6647555Z OpenAPI path: /home/runner/work/portal-backend/portal-backend/api/outline-api/outline.yaml
Build	Run tests	2026-10-07T22:02:40.7617529Z 
Build	Run tests	2026-10-07T22:02:40.7618486Z > Configure project :server-api
Build	Run tests	2026-10-07T22:02:40.7647666Z OpenAPI path: /home/runner/work/portal-backend/portal-backend/api/server-api/../openapi.yaml
Build	Run tests	2026-10-07T22:02:40.8587002Z 
Build	Run tests	2026-10-07T22:02:40.8627526Z > Configure project :server-external-api
Build	Run tests	2026-10-07T22:02:40.8628724Z OpenAPI path: /home/runner/work/portal-backend/portal-backend/api/server-external-api/openapi.yaml
Build	Run tests	2026-10-07T22:02:41.4588493Z 
Build	Run tests	2026-10-07T22:02:41.4591665Z > Configure project :wordpress-api
Build	Run tests	2026-10-07T22:02:41.4593323Z OpenAPI path: /home/runner/work/portal-backend/portal-backend/api/wordpress-api/wordpress.yaml
Build	Run tests	2026-10-07T22:02:49.2586959Z 
Build	Run tests	2026-10-07T22:02:49.2635848Z > Task :authentik-api:checkKotlinGradlePluginConfigurationErrors SKIPPED
Build	Run tests	2026-10-07T22:02:49.6586254Z 
Build	Run tests	2026-10-07T22:02:49.6617347Z > Task :authentik-api:openApiValidate
Build	Run tests	2026-10-07T22:02:49.6637367Z Validating spec /home/runner/work/portal-backend/portal-backend/api/authentik-api/authentik.yaml
Build	Run tests	2026-10-07T22:02:49.6657382Z Spec is valid.
Build	Run tests	2026-10-07T22:02:50.4654085Z 
Build	Run tests	2026-10-07T22:02:50.4679000Z > Task :authentik-api:openApiGenerate
Build	Run tests	2026-10-07T22:02:50.4697047Z Failed to get the schema name: null
Build	Run tests	2026-10-07T22:02:50.4698067Z Unknown `format` int32 detected for type `number`. Defaulting to `number`
Build	Run tests	2026-10-07T22:02:50.4699144Z Unknown `format` int32 detected for type `number`. Defaulting to `number`
Build	Run tests	2026-10-07T22:02:50.4701975Z Unknown `format` int32 detected for type `number`. Defaulting to `number`
Build	Run tests	2026-10-07T22:02:50.4703125Z Unknown `format` int32 detected for type `number`. Defaulting to `number`
Build	Run tests	2026-10-07T22:02:50.4704236Z Unknown `format` int32 detected for type `number`. Defaulting to `number`
Build	Run tests	2026-10-07T22:02:50.4705703Z Unknown `format` int32 detected for type `number`. Defaulting to `number`
Build	Run tests	2026-10-07T22:02:50.4707010Z Unknown `format` int32 detected for type `number`. Defaulting to `number`
Build	Run tests	2026-10-07T22:02:50.4708025Z Unknown `format` int32 detected for type `number`. Defaulting to `number`
Build	Run tests	2026-10-07T22:02:50.4709046Z Unknown `format` int32 detected for type `number`. Defaulting to `number`
Build	Run tests	2026-10-07T22:02:50.4710065Z Unknown `format` int32 detected for type `number`. Defaulting to `number`
Build	Run tests	2026-10-07T22:02:50.4711091Z Unknown `format` int32 detected for type `number`. Defaulting to `number`
Build	Run tests	2026-10-07T22:02:50.4712102Z Unknown `format` int32 detected for type `number`. Defaulting to `number`
Build	Run tests	2026-10-07T22:02:50.4713093Z Unknown `format` int32 detected for type `number`. Defaulting to `number`
Build	Run tests	2026-10-07T22:02:50.4714391Z Unknown `format` int32 detected for type `number`. Defaulting to `number`
Build	Run tests	2026-10-07T22:02:50.4715430Z Unknown `format` int32 detected for type `number`. Defaulting to `number`
Build	Run tests	2026-10-07T22:02:50.4716828Z Unknown `format` int32 detected for type `number`. Defaulting to `number`
Build	Run tests	2026-10-07T22:02:50.4719321Z Unknown `format` int32 detected for type `number`. Defaulting to `number`
Build	Run tests	2026-10-07T22:02:50.4720404Z Unknown `format` int32 detected for type `number`. Defaulting to `number`
Build	Run tests	2026-10-07T22:02:50.4721437Z Unknown `format` int32 detected for type `number`. Defaulting to `number`
Build	Run tests	2026-10-07T22:02:50.4722469Z Unknown `format` int32 detected for type `number`. Defaulting to `number`
Build	Run tests	2026-10-07T22:02:50.4723468Z Unknown `format` int32 detected for type `number`. Defaulting to `number`
Build	Run tests	2026-10-07T22:02:50.4724371Z ################################################################################
Build	Run tests	2026-10-07T22:02:50.4725359Z # Thanks for using OpenAPI Generator.                                          #
Build	Run tests	2026-10-07T22:02:50.4727093Z # Please consider donation to help us maintain this project ЁЯЩП                 #
Build	Run tests	2026-10-07T22:02:50.4729310Z # https://opencollective.com/openapi_generator/donate                          #
Build	Run tests	2026-10-07T22:02:50.4754968Z #                                                                              #
Build	Run tests	2026-10-07T22:02:50.4782317Z # This generator's contributed by Jim Schubert (https://github.com/jimschubert)#
Build	Run tests	2026-10-07T22:02:50.4792372Z # Please support his work directly via https://patreon.com/jimschubert ЁЯЩП      #
Build	Run tests	2026-10-07T22:02:50.4794895Z ################################################################################
Build	Run tests	2026-10-07T22:02:50.4800060Z Successfully generated code to /home/runner/work/portal-backend/portal-backend/api/authentik-api/build/openapi
Build	Run tests	2026-10-07T22:02:51.1592705Z 
Build	Run tests	2026-10-07T22:02:51.1601015Z > Task :authentik-api:processResources NO-SOURCE
Build	Run tests	2026-10-07T22:02:51.1627239Z > Task :authentik-api:processTestResources NO-SOURCE
Build	Run tests	2026-10-07T22:02:51.1657065Z > Task :helpdesk-api:checkKotlinGradlePluginConfigurationErrors SKIPPED
Build	Run tests	2026-10-07T22:02:51.1686582Z 
Build	Run tests	2026-10-07T22:02:51.1716939Z > Task :helpdesk-api:openApiValidate
Build	Run tests	2026-10-07T22:02:51.1751224Z Validating spec /home/runner/work/portal-backend/portal-backend/api/helpdesk-api/helpdesk.yaml
Build	Run tests	2026-10-07T22:02:51.1776863Z Spec is valid.
Build	Run tests	2026-10-07T22:02:51.4590022Z 
Build	Run tests	2026-10-07T22:02:51.4599789Z > Task :helpdesk-api:openApiGenerate
Build	Run tests	2026-10-07T22:02:51.4600680Z ################################################################################
Build	Run tests	2026-10-07T22:02:51.4601722Z # Thanks for using OpenAPI Generator.                                          #
Build	Run tests	2026-10-07T22:02:51.4603267Z # Please consider donation to help us maintain this project ЁЯЩП                 #
Build	Run tests	2026-10-07T22:02:51.4604531Z # https://opencollective.com/openapi_generator/donate                          #
Build	Run tests	2026-10-07T22:02:51.4605546Z #                                                                              #
Build	Run tests	2026-10-07T22:02:51.4606913Z # This generator's contributed by Jim Schubert (https://github.com/jimschubert)#
Build	Run tests	2026-10-07T22:02:51.4608411Z # Please support his work directly via https://patreon.com/jimschubert ЁЯЩП      #
Build	Run tests	2026-10-07T22:02:51.4609866Z ################################################################################
Build	Run tests	2026-10-07T22:02:51.4611117Z Successfully generated code to /home/runner/work/portal-backend/portal-backend/api/helpdesk-api/build/openapi
Build	Run tests	2026-10-07T22:02:51.9585878Z 
Build	Run tests	2026-10-07T22:02:51.9617501Z > Task :helpdesk-api:processResources NO-SOURCE
Build	Run tests	2026-10-07T22:02:51.9647122Z > Task :helpdesk-api:processTestResources NO-SOURCE
Build	Run tests	2026-10-07T22:02:51.9649346Z > Task :outline-api:checkKotlinGradlePluginConfigurationErrors SKIPPED
Build	Run tests	2026-10-07T22:02:52.1588020Z 
Build	Run tests	2026-10-07T22:02:52.1628241Z > Task :outline-api:openApiValidate
Build	Run tests	2026-10-07T22:02:52.1667505Z Validating spec /home/runner/work/portal-backend/portal-backend/api/outline-api/outline.yaml
Build	Run tests	2026-10-07T22:02:52.1756973Z Spec is valid.
Build	Run tests	2026-10-07T22:02:54.1606995Z 
Build	Run tests	2026-10-07T22:02:54.1624454Z > Task :outline-api:openApiGenerate
Build	Run tests	2026-10-07T22:02:54.1647510Z allOf schema `null` containing multiple types (not model) is not supported at the moment.
Build	Run tests	2026-10-07T22:02:54.1697289Z allOf schema `null` containing multiple types (not model) is not supported at the moment.
Build	Run tests	2026-10-07T22:02:54.9597617Z ################################################################################
Build	Run tests	2026-10-07T22:02:54.9631272Z # Thanks for using OpenAPI Generator.                                          #
Build	Run tests	2026-10-07T22:02:54.9657500Z # Please consider donation to help us maintain this project ЁЯЩП                 #
Build	Run tests	2026-10-07T22:02:54.9724134Z # https://opencollective.com/openapi_generator/donate                          #
Build	Run tests	2026-10-07T22:02:54.9750968Z #                                                                              #
Build	Run tests	2026-10-07T22:02:54.9777149Z # This generator's contributed by Jim Schubert (https://github.com/jimschubert)#
Build	Run tests	2026-10-07T22:02:54.9807441Z # Please support his work directly via https://patreon.com/jimschubert ЁЯЩП      #
Build	Run tests	2026-10-07T22:02:54.9832936Z ################################################################################
Build	Run tests	2026-10-07T22:02:54.9887738Z Successfully generated code to /home/runner/work/portal-backend/portal-backend/api/outline-api/build/openapi
Build	Run tests	2026-10-07T22:02:55.3620831Z 
Build	Run tests	2026-10-07T22:02:55.3738769Z > Task :outline-api:processResources NO-SOURCE
Build	Run tests	2026-10-07T22:02:55.4617468Z > Task :outline-api:processTestResources NO-SOURCE
Build	Run tests	2026-10-07T22:02:55.4677275Z > Task :server-api:checkKotlinGradlePluginConfigurationErrors SKIPPED
Build	Run tests	2026-10-07T22:02:55.5687089Z 
Build	Run tests	2026-10-07T22:02:55.5787338Z > Task :server-api:openApiValidate
Build	Run tests	2026-10-07T22:02:55.5827618Z Validating spec /home/runner/work/portal-backend/portal-backend/api/server-api/../openapi.yaml
Build	Run tests	2026-10-07T22:02:55.5917219Z Spec is valid.
Build	Run tests	2026-10-07T22:02:57.3610595Z 
Build	Run tests	2026-10-07T22:02:57.3667297Z > Task :server-api:openApiGenerate
Build	Run tests	2026-10-07T22:02:57.3717087Z ################################################################################
Build	Run tests	2026-10-07T22:02:57.3757592Z # Thanks for using OpenAPI Generator.                                          #
Build	Run tests	2026-10-07T22:02:57.3767529Z # Please consider donation to help us maintain this project ЁЯЩП                 #
Build	Run tests	2026-10-07T22:02:57.3837282Z # https://opencollective.com/openapi_generator/donate                          #
Build	Run tests	2026-10-07T22:02:57.3877542Z ################################################################################
Build	Run tests	2026-10-07T22:02:57.3928030Z Successfully generated code to /home/runner/work/portal-backend/portal-backend/api/server-api/build/openapi
Build	Run tests	2026-10-07T22:03:11.0592197Z 
Build	Run tests	2026-10-07T22:03:11.0634529Z > Task :authentik-api:compileKotlin
Build	Run tests	2026-10-07T22:03:11.0667902Z w: file:///home/runner/work/portal-backend/portal-backend/api/authentik-api/build/openapi/src/main/kotlin/io/authentik/infrastructure/ApiClient.kt:141:12 Condition is always 'false'.
Build	Run tests	2026-10-07T22:03:11.0751020Z w: file:///home/runner/work/portal-backend/portal-backend/api/authentik-api/build/openapi/src/main/kotlin/io/authentik/infrastructure/ApiClient.kt:309:13 Type argument for reified type parameter 'T' was inferred to the intersection of ['Temporal' & 'TemporalAdjuster' & 'Comparable<OffsetDateTime! & OffsetTime! & ChronoLocalDateTime<*>! & ChronoLocalDate! & LocalTime!>' & 'Serializable']. Reification of an intersection type results in the common supertype being used. This may lead to subtle issues and an explicit type argument is encouraged. This will become an error in a future release. See https://youtrack.jetbrains.com/issue/KT-71420.
Build	Run tests	2026-10-07T22:03:11.0757727Z w: file:///home/runner/work/portal-backend/portal-backend/api/authentik-api/build/openapi/src/main/kotlin/io/authentik/infrastructure/Serializer.kt:13:10 'fun setSerializationInclusion(p0: JsonInclude.Include!): ObjectMapper!' is deprecated. Deprecated in Java.
Build	Run tests	2026-10-07T22:03:11.1597029Z 
Build	Run tests	2026-10-07T22:03:11.1638434Z > Task :authentik-api:compileJava NO-SOURCE
Build	Run tests	2026-10-07T22:03:11.1657758Z > Task :server-api:compileKotlin
Build	Run tests	2026-10-07T22:03:11.1697098Z > Task :authentik-api:classes UP-TO-DATE
Build	Run tests	2026-10-07T22:03:11.1722012Z 
Build	Run tests	2026-10-07T22:03:11.1789526Z > Task :helpdesk-api:compileKotlin
Build	Run tests	2026-10-07T22:03:11.1797939Z w: file:///home/runner/work/portal-backend/portal-backend/api/helpdesk-api/build/openapi/src/main/kotlin/com/helpdesk/infrastructure/ApiClient.kt:141:12 Condition is always 'false'.
Build	Run tests	2026-10-07T22:03:11.1803263Z w: file:///home/runner/work/portal-backend/portal-backend/api/helpdesk-api/build/openapi/src/main/kotlin/com/helpdesk/infrastructure/ApiClient.kt:299:13 Type argument for reified type parameter 'T' was inferred to the intersection of ['Temporal' & 'TemporalAdjuster' & 'Comparable<OffsetDateTime! & OffsetTime! & ChronoLocalDateTime<*>! & ChronoLocalDate! & LocalTime!>' & 'Serializable']. Reification of an intersection type results in the common supertype being used. This may lead to subtle issues and an explicit type argument is encouraged. This will become an error in a future release. See https://youtrack.jetbrains.com/issue/KT-71420.
Build	Run tests	2026-10-07T22:03:11.1809320Z w: file:///home/runner/work/portal-backend/portal-backend/api/helpdesk-api/build/openapi/src/main/kotlin/com/helpdesk/infrastructure/Serializer.kt:13:10 'fun setSerializationInclusion(p0: JsonInclude.Include!): ObjectMapper!' is deprecated. Deprecated in Java.
Build	Run tests	2026-10-07T22:03:11.3612095Z 
Build	Run tests	2026-10-07T22:03:11.3656244Z > Task :authentik-api:jar
Build	Run tests	2026-10-07T22:03:11.3707275Z > Task :authentik-api:compileTestKotlin NO-SOURCE
Build	Run tests	2026-10-07T22:03:11.3737781Z > Task :authentik-api:compileTestJava NO-SOURCE
Build	Run tests	2026-10-07T22:03:11.3767016Z > Task :authentik-api:testClasses UP-TO-DATE
Build	Run tests	2026-10-07T22:03:11.4627674Z > Task :authentik-api:test NO-SOURCE
Build	Run tests	2026-10-07T22:03:11.4687153Z > Task :helpdesk-api:compileJava NO-SOURCE
Build	Run tests	2026-10-07T22:03:11.4752172Z > Task :helpdesk-api:classes UP-TO-DATE
Build	Run tests	2026-10-07T22:03:11.4799137Z > Task :helpdesk-api:jar
Build	Run tests	2026-10-07T22:03:11.4811683Z > Task :helpdesk-api:compileTestKotlin NO-SOURCE
Build	Run tests	2026-10-07T22:03:11.4912583Z > Task :helpdesk-api:compileTestJava NO-SOURCE
Build	Run tests	2026-10-07T22:03:11.4951235Z > Task :helpdesk-api:testClasses UP-TO-DATE
Build	Run tests	2026-10-07T22:03:11.4956602Z > Task :helpdesk-api:test NO-SOURCE
Build	Run tests	2026-10-07T22:03:11.4994238Z > Task :server-api:compileJava NO-SOURCE
Build	Run tests	2026-10-07T22:03:11.4999775Z > Task :server-api:processResources NO-SOURCE
Build	Run tests	2026-10-07T22:03:11.5000600Z > Task :server-api:classes UP-TO-DATE
Build	Run tests	2026-10-07T22:03:11.5597800Z > Task :server-api:jar
Build	Run tests	2026-10-07T22:03:11.5627180Z > Task :server-api:compileTestKotlin NO-SOURCE
Build	Run tests	2026-10-07T22:03:11.5657098Z > Task :server-api:compileTestJava NO-SOURCE
Build	Run tests	2026-10-07T22:03:11.5717300Z > Task :server-api:processTestResources NO-SOURCE
Build	Run tests	2026-10-07T22:03:11.5747013Z > Task :server-api:testClasses UP-TO-DATE
Build	Run tests	2026-10-07T22:03:11.5787354Z > Task :server-api:test NO-SOURCE
Build	Run tests	2026-10-07T22:03:11.5797323Z > Task :server-external-api:checkKotlinGradlePluginConfigurationErrors SKIPPED
Build	Run tests	2026-10-07T22:03:11.7626911Z 
Build	Run tests	2026-10-07T22:03:11.7680694Z > Task :server-external-api:openApiValidate
Build	Run tests	2026-10-07T22:03:11.7727632Z Validating spec /home/runner/work/portal-backend/portal-backend/api/server-external-api/openapi.yaml
Build	Run tests	2026-10-07T22:03:11.7760719Z Spec is valid.
Build	Run tests	2026-10-07T22:03:11.9617142Z 
Build	Run tests	2026-10-07T22:03:11.9677484Z > Task :server-external-api:openApiGenerate
Build	Run tests	2026-10-07T22:03:11.9707330Z ################################################################################
Build	Run tests	2026-10-07T22:03:11.9767439Z # Thanks for using OpenAPI Generator.                                          #
Build	Run tests	2026-10-07T22:03:11.9797884Z # Please consider donation to help us maintain this project ЁЯЩП                 #
Build	Run tests	2026-10-07T22:03:11.9812780Z # https://opencollective.com/openapi_generator/donate                          #
Build	Run tests	2026-10-07T22:03:11.9867150Z ################################################################################
Build	Run tests	2026-10-07T22:03:11.9927702Z Successfully generated code to /home/runner/work/portal-backend/portal-backend/api/server-external-api/build/openapi
Build	Run tests	2026-10-07T22:03:12.0602174Z 
Build	Run tests	2026-10-07T22:03:12.0627485Z > Task :server-external-api:processResources NO-SOURCE
Build	Run tests	2026-10-07T22:03:12.0817511Z > Task :server-external-api:processTestResources NO-SOURCE
Build	Run tests	2026-10-07T22:03:12.0877320Z > Task :service:checkKotlinGradlePluginConfigurationErrors SKIPPED
Build	Run tests	2026-10-07T22:03:12.0910752Z > Task :wordpress-api:checkKotlinGradlePluginConfigurationErrors SKIPPED
Build	Run tests	2026-10-07T22:03:12.0966999Z 
Build	Run tests	2026-10-07T22:03:12.1057100Z > Task :wordpress-api:openApiValidate
Build	Run tests	2026-10-07T22:03:12.1147506Z Validating spec /home/runner/work/portal-backend/portal-backend/api/wordpress-api/wordpress.yaml
Build	Run tests	2026-10-07T22:03:12.1207157Z Spec is valid.
Build	Run tests	2026-10-07T22:03:12.3587050Z 
Build	Run tests	2026-10-07T22:03:12.3647373Z > Task :wordpress-api:openApiGenerate
Build	Run tests	2026-10-07T22:03:12.3727701Z ################################################################################
Build	Run tests	2026-10-07T22:03:12.3757507Z # Thanks for using OpenAPI Generator.                                          #
Build	Run tests	2026-10-07T22:03:12.3847628Z # Please consider donation to help us maintain this project ЁЯЩП                 #
Build	Run tests	2026-10-07T22:03:12.3897245Z # https://opencollective.com/openapi_generator/donate                          #
Build	Run tests	2026-10-07T22:03:12.3972187Z #                                                                              #
Build	Run tests	2026-10-07T22:03:12.4047960Z # This generator's contributed by Jim Schubert (https://github.com/jimschubert)#
Build	Run tests	2026-10-07T22:03:12.4073598Z # Please support his work directly via https://patreon.com/jimschubert ЁЯЩП      #
Build	Run tests	2026-10-07T22:03:12.4117176Z ################################################################################
Build	Run tests	2026-10-07T22:03:12.4177595Z Successfully generated code to /home/runner/work/portal-backend/portal-backend/api/wordpress-api/build/openapi
Build	Run tests	2026-10-07T22:03:12.6627132Z 
Build	Run tests	2026-10-07T22:03:12.6657268Z > Task :service:processResources
Build	Run tests	2026-10-07T22:03:12.6687180Z > Task :service:processTestResources
Build	Run tests	2026-10-07T22:03:12.6705432Z > Task :wordpress-api:processResources NO-SOURCE
Build	Run tests	2026-10-07T22:03:12.6706162Z > Task :wordpress-api:processTestResources NO-SOURCE
Build	Run tests	2026-10-07T22:03:13.9594766Z > Task :server-external-api:compileKotlin
Build	Run tests	2026-10-07T22:03:13.9602869Z > Task :server-external-api:compileJava NO-SOURCE
Build	Run tests	2026-10-07T22:03:13.9627222Z > Task :server-external-api:classes UP-TO-DATE
Build	Run tests	2026-10-07T22:03:13.9627913Z > Task :server-external-api:jar
Build	Run tests	2026-10-07T22:03:13.9628514Z > Task :server-external-api:compileTestKotlin NO-SOURCE
Build	Run tests	2026-10-07T22:03:13.9629250Z > Task :server-external-api:compileTestJava NO-SOURCE
Build	Run tests	2026-10-07T22:03:13.9629946Z > Task :server-external-api:testClasses UP-TO-DATE
Build	Run tests	2026-10-07T22:03:13.9630603Z > Task :server-external-api:test NO-SOURCE
Build	Run tests	2026-10-07T22:03:16.6616908Z 
Build	Run tests	2026-10-07T22:03:16.6647262Z > Task :wordpress-api:compileKotlin
Build	Run tests	2026-10-07T22:03:16.6677985Z w: file:///home/runner/work/portal-backend/portal-backend/api/wordpress-api/build/openapi/src/main/kotlin/org/wordpress/infrastructure/ApiClient.kt:141:12 Condition is always 'false'.
Build	Run tests	2026-10-07T22:03:16.6710654Z w: file:///home/runner/work/portal-backend/portal-backend/api/wordpress-api/build/openapi/src/main/kotlin/org/wordpress/infrastructure/ApiClient.kt:309:13 Type argument for reified type parameter 'T' was inferred to the intersection of ['Temporal' & 'TemporalAdjuster' & 'Comparable<OffsetDateTime! & OffsetTime! & ChronoLocalDateTime<*>! & ChronoLocalDate! & LocalTime!>' & 'Serializable']. Reification of an intersection type results in the common supertype being used. This may lead to subtle issues and an explicit type argument is encouraged. This will become an error in a future release. See https://youtrack.jetbrains.com/issue/KT-71420.
Build	Run tests	2026-10-07T22:03:16.6716990Z w: file:///home/runner/work/portal-backend/portal-backend/api/wordpress-api/build/openapi/src/main/kotlin/org/wordpress/infrastructure/Serializer.kt:13:10 'fun setSerializationInclusion(p0: JsonInclude.Include!): ObjectMapper!' is deprecated. Deprecated in Java.
Build	Run tests	2026-10-07T22:03:16.7596806Z 
Build	Run tests	2026-10-07T22:03:16.7638766Z > Task :wordpress-api:compileJava NO-SOURCE
Build	Run tests	2026-10-07T22:03:16.7687122Z > Task :wordpress-api:classes UP-TO-DATE
Build	Run tests	2026-10-07T22:03:16.7708173Z > Task :wordpress-api:jar
Build	Run tests	2026-10-07T22:03:16.7708979Z > Task :wordpress-api:compileTestKotlin NO-SOURCE
Build	Run tests	2026-10-07T22:03:16.7709845Z > Task :wordpress-api:compileTestJava NO-SOURCE
Build	Run tests	2026-10-07T22:03:16.7710617Z > Task :wordpress-api:testClasses UP-TO-DATE
Build	Run tests	2026-10-07T22:03:16.8586893Z > Task :wordpress-api:test NO-SOURCE
Build	Run tests	2026-10-07T22:03:23.8588652Z 
Build	Run tests	2026-10-07T22:03:23.8590365Z > Task :outline-api:compileKotlin
Build	Run tests	2026-10-07T22:03:23.8592917Z w: file:///home/runner/work/portal-backend/portal-backend/api/outline-api/build/openapi/src/main/kotlin/com/outline/infrastructure/ApiClient.kt:141:12 Condition is always 'false'.
Build	Run tests	2026-10-07T22:03:23.8599353Z w: file:///home/runner/work/portal-backend/portal-backend/api/outline-api/build/openapi/src/main/kotlin/com/outline/infrastructure/ApiClient.kt:314:13 Type argument for reified type parameter 'T' was inferred to the intersection of ['Temporal' & 'TemporalAdjuster' & 'Comparable<OffsetDateTime! & OffsetTime! & ChronoLocalDateTime<*>! & ChronoLocalDate! & LocalTime!>' & 'Serializable']. Reification of an intersection type results in the common supertype being used. This may lead to subtle issues and an explicit type argument is encouraged. This will become an error in a future release. See https://youtrack.jetbrains.com/issue/KT-71420.
Build	Run tests	2026-10-07T22:03:23.8606238Z w: file:///home/runner/work/portal-backend/portal-backend/api/outline-api/build/openapi/src/main/kotlin/com/outline/infrastructure/Serializer.kt:13:10 'fun setSerializationInclusion(p0: JsonInclude.Include!): ObjectMapper!' is deprecated. Deprecated in Java.
Build	Run tests	2026-10-07T22:03:23.9587235Z 
Build	Run tests	2026-10-07T22:03:23.9587855Z > Task :outline-api:compileJava NO-SOURCE
Build	Run tests	2026-10-07T22:03:23.9588529Z > Task :outline-api:classes UP-TO-DATE
Build	Run tests	2026-10-07T22:03:24.0588601Z > Task :outline-api:jar
Build	Run tests	2026-10-07T22:03:24.0589645Z > Task :outline-api:compileTestKotlin NO-SOURCE
Build	Run tests	2026-10-07T22:03:24.0590611Z > Task :outline-api:compileTestJava NO-SOURCE
Build	Run tests	2026-10-07T22:03:24.0591406Z > Task :outline-api:testClasses UP-TO-DATE
Build	Run tests	2026-10-07T22:03:24.0592262Z > Task :outline-api:test NO-SOURCE
Build	Run tests	2026-10-07T22:03:49.6597584Z > Task :service:kaptGenerateStubsKotlin
Build	Run tests	2026-10-07T22:03:51.6600634Z 
Build	Run tests	2026-10-07T22:03:51.6627260Z > Task :service:kaptKotlin
Build	Run tests	2026-10-07T22:03:51.6644530Z Annotation processors discovery from compile classpath is deprecated.
Build	Run tests	2026-10-07T22:03:51.6669559Z Set 'kapt.include.compile.classpath=false' to disable discovery.
Build	Run tests	2026-10-07T22:03:51.6674181Z Run the build with '--info' for more details.
Build	Run tests	2026-10-07T22:03:54.5617495Z Note: Hibernate compile-time tooling 6.6.53.Final
Build	Run tests	2026-10-07T22:03:54.5648189Z /home/runner/work/portal-backend/portal-backend/service/build/tmp/kapt3/stubs/main/rs/russian/portal/application/domain/Application.java:88: warning: member 'entityId' of 'Note' is not annotated '@ManyToOne'
Build	Run tests	2026-10-07T22:03:54.5662303Z     @jakarta.persistence.OneToMany(mappedBy = "entityId", cascade = {jakarta.persistence.CascadeType.ALL}, orphanRemoval = true)
Build	Run tests	2026-10-07T22:03:54.5676930Z                                               ^
Build	Run tests	2026-10-07T22:03:54.5678565Z /home/runner/work/portal-backend/portal-backend/service/build/tmp/kapt3/stubs/main/rs/russian/portal/application/domain/Application.java:88: warning: member 'entityId' of 'Note' is not of type 'Application'
Build	Run tests	2026-10-07T22:03:54.5707468Z     @jakarta.persistence.OneToMany(mappedBy = "entityId", cascade = {jakarta.persistence.CascadeType.ALL}, orphanRemoval = true)
Build	Run tests	2026-10-07T22:03:54.5736893Z                                               ^
Build	Run tests	2026-10-07T22:03:54.5747940Z /home/runner/work/portal-backend/portal-backend/service/build/tmp/kapt3/stubs/main/rs/russian/portal/report/domain/Report.java:47: warning: member 'entityId' of 'Note' is not annotated '@ManyToOne'
Build	Run tests	2026-10-07T22:03:54.5777498Z     @jakarta.persistence.OneToMany(mappedBy = "entityId", cascade = {jakarta.persistence.CascadeType.ALL}, orphanRemoval = true)
Build	Run tests	2026-10-07T22:03:54.5806944Z                                               ^
Build	Run tests	2026-10-07T22:03:54.5827858Z /home/runner/work/portal-backend/portal-backend/service/build/tmp/kapt3/stubs/main/rs/russian/portal/report/domain/Report.java:47: warning: member 'entityId' of 'Note' is not of type 'Report'
Build	Run tests	2026-10-07T22:03:54.5830265Z     @jakarta.persistence.OneToMany(mappedBy = "entityId", cascade = {jakarta.persistence.CascadeType.ALL}, orphanRemoval = true)
Build	Run tests	2026-10-07T22:03:54.5831326Z                                               ^
Build	Run tests	2026-10-07T22:04:13.7597231Z 
Build	Run tests	2026-10-07T22:04:13.7598245Z > Task :service:compileKotlin
Build	Run tests	2026-10-07T22:04:13.7619238Z w: file:///home/runner/work/portal-backend/portal-backend/service/src/main/kotlin/rs/russian/portal/achievements/service/AchievementsService.kt:475:48 'constructor(p0: String!, p1: String!): Locale' is deprecated. Deprecated in Java.
Build	Run tests	2026-10-07T22:04:13.7638994Z w: file:///home/runner/work/portal-backend/portal-backend/service/src/main/kotlin/rs/russian/portal/announcement/api/AnnouncementController.kt:34:37 The corresponding parameter in the supertype 'AnnouncementsApi' is named 'announcementCreateRequest'. This may cause problems when calling this function with named arguments.
Build	Run tests	2026-10-07T22:04:13.7648344Z w: file:///home/runner/work/portal-backend/portal-backend/service/src/main/kotlin/rs/russian/portal/inbox/api/InboxDtos.kt:68:5 This annotation is currently applied to the value parameter only, but in the future it will also be applied to field.
Build	Run tests	2026-10-07T22:04:13.7697510Z - To opt in to applying to both value parameter and field, add '-Xannotation-default-target=param-property' to your compiler arguments.
Build	Run tests	2026-10-07T22:04:13.7702876Z - To keep applying to the value parameter only, use the '@param:' annotation target.
Build	Run tests	2026-10-07T22:04:13.7703502Z 
Build	Run tests	2026-10-07T22:04:13.7703877Z See https://youtrack.jetbrains.com/issue/KT-73255 for more details.
Build	Run tests	2026-10-07T22:04:13.7705896Z w: file:///home/runner/work/portal-backend/portal-backend/service/src/main/kotlin/rs/russian/portal/inbox/api/InboxDtos.kt:142:5 This annotation is currently applied to the value parameter only, but in the future it will also be applied to field.
Build	Run tests	2026-10-07T22:04:13.7708867Z - To opt in to applying to both value parameter and field, add '-Xannotation-default-target=param-property' to your compiler arguments.
Build	Run tests	2026-10-07T22:04:13.7710179Z - To keep applying to the value parameter only, use the '@param:' annotation target.
Build	Run tests	2026-10-07T22:04:13.7710782Z 
Build	Run tests	2026-10-07T22:04:13.7711129Z See https://youtrack.jetbrains.com/issue/KT-73255 for more details.
Build	Run tests	2026-10-07T22:04:13.7713088Z w: file:///home/runner/work/portal-backend/portal-backend/service/src/main/kotlin/rs/russian/portal/inbox/api/InboxDtos.kt:154:5 This annotation is currently applied to the value parameter only, but in the future it will also be applied to field.
Build	Run tests	2026-10-07T22:04:13.7715440Z - To opt in to applying to both value parameter and field, add '-Xannotation-default-target=param-property' to your compiler arguments.
Build	Run tests	2026-10-07T22:04:13.7729666Z - To keep applying to the value parameter only, use the '@param:' annotation target.
Build	Run tests	2026-10-07T22:04:13.7730306Z 
Build	Run tests	2026-10-07T22:04:13.7730671Z See https://youtrack.jetbrains.com/issue/KT-73255 for more details.
Build	Run tests	2026-10-07T22:04:13.7732856Z w: file:///home/runner/work/portal-backend/portal-backend/service/src/main/kotlin/rs/russian/portal/shared/jpa/JpaEntity.kt:47:41 Unchecked cast of 'KProperty1<out JpaEntity<ID_TYPE (of class JpaEntity<ID_TYPE : Comparable<ID_TYPE>>)>, Any?>' to 'KProperty1<JpaEntity<*>, Any?>'.
Build	Run tests	2026-10-07T22:04:13.7736879Z w: file:///home/runner/work/portal-backend/portal-backend/service/src/main/kotlin/rs/russian/portal/shared/security/ServiceAccountLoggingFilter.kt:23:57 'constructor(request: HttpServletRequest): ContentCachingRequestWrapper' is deprecated. Deprecated in Java.
Build	Run tests	2026-10-07T22:04:13.7740471Z w: file:///home/runner/work/portal-backend/portal-backend/service/src/main/kotlin/rs/russian/portal/ticket/api/TicketController.kt:15:31 The corresponding parameter in the supertype 'TicketsApi' is named 'ticketCreateRequest'. This may cause problems when calling this function with named arguments.
Build	Run tests	2026-10-07T22:04:13.7744027Z w: file:///home/runner/work/portal-backend/portal-backend/service/src/main/kotlin/rs/russian/portal/ticket/service/TicketService.kt:33:5 This annotation is currently applied to the value parameter only, but in the future it will also be applied to field.
Build	Run tests	2026-10-07T22:04:13.7746697Z - To opt in to applying to both value parameter and field, add '-Xannotation-default-target=param-property' to your compiler arguments.
Build	Run tests	2026-10-07T22:04:13.7748028Z - To keep applying to the value parameter only, use the '@param:' annotation target.
Build	Run tests	2026-10-07T22:04:13.7748698Z 
Build	Run tests	2026-10-07T22:04:13.7749036Z See https://youtrack.jetbrains.com/issue/KT-73255 for more details.
Build	Run tests	2026-10-07T22:04:13.7751252Z w: file:///home/runner/work/portal-backend/portal-backend/service/src/main/kotlin/rs/russian/portal/user/scheduler/DepersonalizationScheduler.kt:23:5 This annotation is currently applied to the value parameter only, but in the future it will also be applied to field.
Build	Run tests	2026-10-07T22:04:13.7762660Z - To opt in to applying to both value parameter and field, add '-Xannotation-default-target=param-property' to your compiler arguments.
Build	Run tests	2026-10-07T22:04:13.7764010Z - To keep applying to the value parameter only, use the '@param:' annotation target.
Build	Run tests	2026-10-07T22:04:13.7764609Z 
Build	Run tests	2026-10-07T22:04:13.7764965Z See https://youtrack.jetbrains.com/issue/KT-73255 for more details.
Build	Run tests	2026-10-07T22:04:13.7767355Z w: file:///home/runner/work/portal-backend/portal-backend/service/src/main/kotlin/rs/russian/portal/user/scheduler/DepersonalizationWarningScheduler.kt:24:5 This annotation is currently applied to the value parameter only, but in the future it will also be applied to field.
Build	Run tests	2026-10-07T22:04:13.7769931Z - To opt in to applying to both value parameter and field, add '-Xannotation-default-target=param-property' to your compiler arguments.
Build	Run tests	2026-10-07T22:04:13.7771226Z - To keep applying to the value parameter only, use the '@param:' annotation target.
Build	Run tests	2026-10-07T22:04:13.7771815Z 
Build	Run tests	2026-10-07T22:04:13.7772155Z See https://youtrack.jetbrains.com/issue/KT-73255 for more details.
Build	Run tests	2026-10-07T22:04:13.7774305Z w: file:///home/runner/work/portal-backend/portal-backend/service/src/main/kotlin/rs/russian/portal/user/scheduler/DepersonalizationWarningScheduler.kt:26:5 This annotation is currently applied to the value parameter only, but in the future it will also be applied to field.
Build	Run tests	2026-10-07T22:04:13.7777060Z - To opt in to applying to both value parameter and field, add '-Xannotation-default-target=param-property' to your compiler arguments.
Build	Run tests	2026-10-07T22:04:13.7778389Z - To keep applying to the value parameter only, use the '@param:' annotation target.
Build	Run tests	2026-10-07T22:04:13.7778977Z 
Build	Run tests	2026-10-07T22:04:13.7779386Z See https://youtrack.jetbrains.com/issue/KT-73255 for more details.
Build	Run tests	2026-10-07T22:04:14.0598677Z [ant:hibernateEnhance] Extended enhancement is enabled. Classes other than entities may be modified. You should consider access the entities using getter/setter methods and disable this property. Use at your own risk.
Build	Run tests	2026-10-07T22:04:18.6588756Z Note: /home/runner/work/portal-backend/portal-backend/service/build/generated/source/kapt/main/rs/russian/portal/report/mapper/ReportMapperImpl.java uses unchecked or unsafe operations.
Build	Run tests	2026-10-07T22:04:18.6590452Z 
Build	Run tests	2026-10-07T22:04:18.6593682Z > Task :service:compileJava
Build	Run tests	2026-10-07T22:04:18.6607533Z Note: Recompile with -Xlint:unchecked for details.
Build	Run tests	2026-10-07T22:04:18.9586938Z Trying to override old definition of task hibernateEnhance
Build	Run tests	2026-10-07T22:04:18.9624685Z [ant:hibernateEnhance] Extended enhancement is enabled. Classes other than entities may be modified. You should consider access the entities using getter/setter methods and disable this property. Use at your own risk.
Build	Run tests	2026-10-07T22:04:19.6606255Z 
Build	Run tests	2026-10-07T22:04:19.6667468Z > Task :service:classes
Build	Run tests	2026-10-07T22:04:19.6679322Z > Task :service:jar SKIPPED
Build	Run tests	2026-10-07T22:04:25.4593407Z > Task :service:kaptGenerateStubsTestKotlin
Build	Run tests	2026-10-07T22:04:26.7585737Z 
Build	Run tests	2026-10-07T22:04:26.7586787Z > Task :service:kaptTestKotlin
Build	Run tests	2026-10-07T22:04:26.7588611Z warning: The following options were not recognized by any processor: '[mapstruct.unmappedTargetPolicy, mapstruct.defaultComponentModel, kapt.kotlin.generated]'
Build	Run tests	2026-10-07T22:04:34.1585313Z 
Build	Run tests	2026-10-07T22:04:34.1591629Z > Task :service:compileTestKotlin
Build	Run tests	2026-10-07T22:04:34.1592634Z > Task :service:compileTestJava NO-SOURCE
Build	Run tests	2026-10-07T22:04:34.1593396Z > Task :service:testClasses
Build	Run tests	2026-10-07T22:05:04.1587841Z > Task :service:test
Build	Run tests	2026-10-07T22:05:05.0588387Z 
Build	Run tests	2026-10-07T22:05:05.0590052Z OpenJDK 64-Bit Server VM warning: Sharing is only supported for boot loader classes because bootstrap classpath has been appended
Build	Run tests	2026-10-07T22:05:05.1586970Z OpenJDK 64-Bit Server VM warning: Sharing is only supported for boot loader classes because bootstrap classpath has been appended
Build	Run tests	2026-10-07T22:05:37.4585494Z 
Build	Run tests	2026-10-07T22:05:37.4586177Z > Task :service:test
Build	Run tests	2026-10-07T22:05:37.4587041Z 
Build	Run tests	2026-10-07T22:05:37.4587590Z DissolutionRequestServiceTest > pending returns all for approver and empty for others() FAILED
Build	Run tests	2026-10-07T22:05:37.4589066Z     org.opentest4j.AssertionFailedError at DissolutionRequestServiceTest.kt:269
Build	Run tests	2026-10-07T22:05:37.6585338Z 
Build	Run tests	2026-10-07T22:05:37.6586070Z DissolutionRequestServiceTest > accept puts account on dissolution queue() FAILED
Build	Run tests	2026-10-07T22:05:37.6587947Z     rs.russian.portal.shared.exception.NotAuthorizedException at DissolutionRequestServiceTest.kt:204
Build	Run tests	2026-10-07T22:05:37.7585002Z 
Build	Run tests	2026-10-07T22:05:37.7585906Z DissolutionRequestServiceTest > accept uses fallback queue reason when request reason blank() FAILED
Build	Run tests	2026-10-07T22:05:37.7587227Z     rs.russian.portal.shared.exception.NotAuthorizedException at DissolutionRequestServiceTest.kt:228
Build	Run tests	2026-10-07T22:05:37.9588903Z 
Build	Run tests	2026-10-07T22:05:37.9590223Z DissolutionRequestServiceTest > accept is allowed only for dissolution approver() FAILED
Build	Run tests	2026-10-07T22:05:37.9591711Z     rs.russian.portal.shared.exception.NotAuthorizedException at DissolutionRequestServiceTest.kt:182
Build	Run tests	2026-10-07T22:05:40.7585267Z 
Build	Run tests	2026-10-07T22:05:40.7587145Z LeaveRequestServiceTest > pending returns all for approver and empty for others() FAILED
Build	Run tests	2026-10-07T22:05:40.7588255Z     java.lang.ClassCastException at LeaveRequestServiceTest.kt:234
Build	Run tests	2026-10-07T22:05:40.9585022Z 
Build	Run tests	2026-10-07T22:05:40.9586183Z LeaveRequestServiceTest > reject is forbidden for curator who is not leave approver() FAILED
Build	Run tests	2026-10-07T22:05:40.9587316Z     org.opentest4j.AssertionFailedError at LeaveRequestServiceTest.kt:535
Build	Run tests	2026-10-07T22:05:40.9587987Z         Caused by: java.lang.ClassCastException at LeaveRequestServiceTest.kt:214
Build	Run tests	2026-10-07T22:05:41.5585011Z 
Build	Run tests	2026-10-07T22:05:41.5585664Z LeaveRequestServiceTest > accept is allowed only for leave approver() FAILED
Build	Run tests	2026-10-07T22:05:41.5586628Z     org.opentest4j.AssertionFailedError at LeaveRequestServiceTest.kt:523
Build	Run tests	2026-10-07T22:05:41.5587763Z         Caused by: java.lang.ClassCastException at LeaveRequestServiceTest.kt:169
Build	Run tests	2026-10-07T22:05:41.9585252Z 
Build	Run tests	2026-10-07T22:05:41.9587912Z LeaveRequestServiceTest > accept is allowed for ADMIN_SSO even when username differs() FAILED
Build	Run tests	2026-10-07T22:05:41.9589011Z     java.lang.ClassCastException at LeaveRequestServiceTest.kt:195
Build	Run tests	2026-10-07T22:05:47.1588381Z 
Build	Run tests	2026-10-07T22:05:47.1589624Z ReportServiceAssignmentTest > updateAssignment clears the program together with the project() FAILED
Build	Run tests	2026-10-07T22:05:47.1591713Z     org.springframework.dao.DataIntegrityViolationException at ReportServiceAssignmentTest.kt:49
Build	Run tests	2026-10-07T22:05:47.1593247Z         Caused by: org.hibernate.exception.ConstraintViolationException at ReportServiceAssignmentTest.kt:49
Build	Run tests	2026-10-07T22:05:47.1594699Z             Caused by: org.postgresql.util.PSQLException at ReportServiceAssignmentTest.kt:49
Build	Run tests	2026-10-07T22:05:50.3618938Z 
Build	Run tests	2026-10-07T22:05:50.3644366Z ReportServiceFilteringTest > getReports should filter by empty string program to find reports without program() FAILED
Build	Run tests	2026-10-07T22:05:50.3646031Z     org.springframework.dao.DataIntegrityViolationException at ReportServiceFilteringTest.kt:45
Build	Run tests	2026-10-07T22:05:50.3648168Z         Caused by: org.hibernate.exception.ConstraintViolationException at ReportServiceFilteringTest.kt:45
Build	Run tests	2026-10-07T22:05:50.3650029Z             Caused by: org.postgresql.util.PSQLException at ReportServiceFilteringTest.kt:45
Build	Run tests	2026-10-07T22:05:50.4587184Z 
Build	Run tests	2026-10-07T22:05:50.4617862Z ReportServiceFilteringTest > getReports should filter by empty string project to find reports without project() FAILED
Build	Run tests	2026-10-07T22:05:50.4624689Z     org.springframework.dao.DataIntegrityViolationException at ReportServiceFilteringTest.kt:45
Build	Run tests	2026-10-07T22:05:50.4626288Z         Caused by: org.hibernate.exception.ConstraintViolationException at ReportServiceFilteringTest.kt:45
Build	Run tests	2026-10-07T22:05:50.4627995Z             Caused by: org.postgresql.util.PSQLException at ReportServiceFilteringTest.kt:45
Build	Run tests	2026-10-07T22:05:50.5635689Z 
Build	Run tests	2026-10-07T22:05:50.5713371Z ReportServiceFilteringTest > getReports should filter by project correctly() FAILED
Build	Run tests	2026-10-07T22:05:50.5741213Z     org.springframework.dao.DataIntegrityViolationException at ReportServiceFilteringTest.kt:45
Build	Run tests	2026-10-07T22:05:50.5769894Z         Caused by: org.hibernate.exception.ConstraintViolationException at ReportServiceFilteringTest.kt:45
Build	Run tests	2026-10-07T22:05:50.5803132Z             Caused by: org.postgresql.util.PSQLException at ReportServiceFilteringTest.kt:45
Build	Run tests	2026-10-07T22:05:50.6598768Z 
Build	Run tests	2026-10-07T22:05:50.6607762Z ReportServiceFilteringTest > getReports should combine program and project filters correctly() FAILED
Build	Run tests	2026-10-07T22:05:50.6651570Z     org.springframework.dao.DataIntegrityViolationException at ReportServiceFilteringTest.kt:45
Build	Run tests	2026-10-07T22:05:50.6687560Z         Caused by: org.hibernate.exception.ConstraintViolationException at ReportServiceFilteringTest.kt:45
Build	Run tests	2026-10-07T22:05:50.6708863Z             Caused by: org.postgresql.util.PSQLException at ReportServiceFilteringTest.kt:45
Build	Run tests	2026-10-07T22:05:50.7606911Z 
Build	Run tests	2026-10-07T22:05:50.7608060Z ReportServiceFilteringTest > getReports should filter by program correctly() FAILED
Build	Run tests	2026-10-07T22:05:50.7637948Z     org.springframework.dao.DataIntegrityViolationException at ReportServiceFilteringTest.kt:45
Build	Run tests	2026-10-07T22:05:50.7667539Z         Caused by: org.hibernate.exception.ConstraintViolationException at ReportServiceFilteringTest.kt:45
Build	Run tests	2026-10-07T22:05:50.7697341Z             Caused by: org.postgresql.util.PSQLException at ReportServiceFilteringTest.kt:45
Build	Run tests	2026-10-07T22:05:50.8585223Z 
Build	Run tests	2026-10-07T22:05:50.8598162Z ReportServiceFilteringTest > getReports should return empty results when no reports match filter criteria() FAILED
Build	Run tests	2026-10-07T22:05:50.8600386Z     org.springframework.dao.DataIntegrityViolationException at ReportServiceFilteringTest.kt:45
Build	Run tests	2026-10-07T22:05:50.8602818Z         Caused by: org.hibernate.exception.ConstraintViolationException at ReportServiceFilteringTest.kt:45
Build	Run tests	2026-10-07T22:05:50.8604468Z             Caused by: org.postgresql.util.PSQLException at ReportServiceFilteringTest.kt:45
Build	Run tests	2026-10-07T22:05:50.9585348Z 
Build	Run tests	2026-10-07T22:05:50.9591497Z ReportServiceFilteringTest > getReports should work with login filter combined with program filter() FAILED
Build	Run tests	2026-10-07T22:05:50.9592916Z     org.springframework.dao.DataIntegrityViolationException at ReportServiceFilteringTest.kt:45
Build	Run tests	2026-10-07T22:05:50.9594246Z         Caused by: org.hibernate.exception.ConstraintViolationException at ReportServiceFilteringTest.kt:45
Build	Run tests	2026-10-07T22:05:50.9595549Z             Caused by: org.postgresql.util.PSQLException at ReportServiceFilteringTest.kt:45
Build	Run tests	2026-10-07T22:05:51.0584969Z 
Build	Run tests	2026-10-07T22:05:51.0606953Z ReportServiceStatusTest > initializationError FAILED
Build	Run tests	2026-10-07T22:05:51.0634424Z     org.springframework.dao.DataIntegrityViolationException at ReportServiceStatusTest.kt:45
Build	Run tests	2026-10-07T22:05:51.0638124Z         Caused by: org.hibernate.exception.ConstraintViolationException at ReportServiceStatusTest.kt:45
Build	Run tests	2026-10-07T22:05:51.0639641Z             Caused by: org.postgresql.util.PSQLException at ReportServiceStatusTest.kt:45
Build	Run tests	2026-10-07T22:05:51.1585455Z 
Build	Run tests	2026-10-07T22:05:51.1587492Z ReportServiceTest > initializationError FAILED
Build	Run tests	2026-10-07T22:05:51.1588311Z     org.springframework.dao.DataIntegrityViolationException at ReportServiceTest.kt:38
Build	Run tests	2026-10-07T22:05:51.1589843Z         Caused by: org.hibernate.exception.ConstraintViolationException at ReportServiceTest.kt:38
Build	Run tests	2026-10-07T22:05:51.1590932Z             Caused by: org.postgresql.util.PSQLException at ReportServiceTest.kt:38
Build	Run tests	2026-10-07T22:06:09.8597964Z 
Build	Run tests	2026-10-07T22:06:09.8600996Z ^[[1;35m07 Oct 22:06:09.840^[[0;39m ^[[34mINFO^[[0;39m ^[[36mo.s.o.j.LocalContainerEntityManagerFactoryBean:^[[0;39m Closing JPA EntityManagerFactory for persistence unit 'default'
Build	Run tests	2026-10-07T22:06:09.8610385Z ^[[1;35m07 Oct 22:06:09.847^[[0;39m ^[[34mINFO^[[0;39m ^[[36mo.s.o.j.LocalContainerEntityManagerFactoryBean:^[[0;39m Closing JPA EntityManagerFactory for persistence unit 'default'
Build	Run tests	2026-10-07T22:06:09.8613377Z Hibernate: set client_min_messages = WARNING
Build	Run tests	2026-10-07T22:06:09.8616237Z Hibernate: alter table if exists application drop constraint if exists FKi2dpv3vokj7nu4l0yttd1tigl
Build	Run tests	2026-10-07T22:06:09.9585870Z Hibernate: alter table if exists application drop constraint if exists FK26o35yyd2934y6cuodpv5g8bx
Build	Run tests	2026-10-07T22:06:09.9587358Z Hibernate: alter table if exists program drop constraint if exists FKmm31346maka2lbn7yq5q3f57m
Build	Run tests	2026-10-07T22:06:09.9589170Z ^[[1;35m07 Oct 22:06:09.856^[[0;39m ^[[34mINFO^[[0;39m ^[[36mi.z.t.d.p.p.DockerPostgresDatabaseProvider:^[[0;39m STDERR: 2026-10-07 22:06:09.855 UTC [55] LOG:  checkpoint starting: immediate force wait
Build	Run tests	2026-10-07T22:06:09.9590621Z Hibernate: alter table if exists project drop constraint if exists FK7duygmonva8u2awxerjatlxx5
Build	Run tests	2026-10-07T22:06:09.9591687Z Hibernate: alter table if exists project_statistic_group drop constraint if exists FKr6r1av7y4jja01g3pqyepid68
Build	Run tests	2026-10-07T22:06:09.9594319Z ^[[1;35m07 Oct 22:06:09.858^[[0;39m ^[[34mINFO^[[0;39m ^[[36mi.z.t.d.p.p.DockerPostgresDatabaseProvider:^[[0;39m STDERR: 2026-10-07 22:06:09.857 UTC [55] LOG:  checkpoint complete: wrote 134 buffers (0.8%); 0 WAL file(s) added, 0 removed, 0 recycled; write=0.002 s, sync=0.001 s, total=0.003 s; sync files=0, longest=0.000 s, average=0.000 s; distance=285 kB, estimate=22584 kB; lsn=0/3E79728, redo lsn=0/3E796F0
Build	Run tests	2026-10-07T22:06:09.9596841Z Hibernate: alter table if exists project_statistic_group drop constraint if exists FK67w0k6busv1s5mondxfkfx9y5
Build	Run tests	2026-10-07T22:06:09.9598018Z Hibernate: drop table if exists application cascade
Build	Run tests	2026-10-07T22:06:09.9598754Z Hibernate: drop table if exists note cascade
Build	Run tests	2026-10-07T22:06:09.9599603Z Hibernate: drop table if exists official_group cascade
Build	Run tests	2026-10-07T22:06:09.9600280Z Hibernate: drop table if exists program cascade
Build	Run tests	2026-10-07T22:06:09.9600944Z Hibernate: drop table if exists program_curator cascade
Build	Run tests	2026-10-07T22:06:09.9601697Z Hibernate: drop table if exists program_curator_delegate cascade
Build	Run tests	2026-10-07T22:06:09.9602421Z Hibernate: drop table if exists project cascade
Build	Run tests	2026-10-07T22:06:09.9603129Z Hibernate: drop table if exists project_statistic_group cascade
Build	Run tests	2026-10-07T22:06:09.9603664Z Hibernate: drop table if exists statistic_group cascade
Build	Run tests	2026-10-07T22:06:09.9604689Z ^[[1;35m07 Oct 22:06:09.892^[[0;39m ^[[34mINFO^[[0;39m ^[[36mo.s.b.w.e.t.GracefulShutdown:^[[0;39m Commencing graceful shutdown. Waiting for active requests to complete
Build	Run tests	2026-10-07T22:06:09.9605790Z ^[[1;35m07 Oct 22:06:09.904^[[0;39m ^[[34mINFO^[[0;39m ^[[36mo.s.b.w.e.t.GracefulShutdown:^[[0;39m Graceful shutdown complete
Build	Run tests	2026-10-07T22:06:10.2588873Z ^[[1;35m07 Oct 22:06:10.186^[[0;39m ^[[34mINFO^[[0;39m ^[[36mo.s.o.j.LocalContainerEntityManagerFactoryBean:^[[0;39m Closing JPA EntityManagerFactory for persistence unit 'default'
Build	Run tests	2026-10-07T22:06:10.2608397Z ^[[1;35m07 Oct 22:06:10.193^[[0;39m ^[[34mINFO^[[0;39m ^[[36mo.s.o.j.LocalContainerEntityManagerFactoryBean:^[[0;39m Closing JPA EntityManagerFactory for persistence unit 'default'
Build	Run tests	2026-10-07T22:06:10.2610151Z Hibernate: set client_min_messages = WARNING
Build	Run tests	2026-10-07T22:06:10.2611200Z Hibernate: alter table if exists contract drop constraint if exists FK3oky5oe311txm3xp0kcidymp6
Build	Run tests	2026-10-07T22:06:10.2612501Z Hibernate: alter table if exists file_info drop constraint if exists FKgm85qvm5ov3ml6bqgk94ide00
Build	Run tests	2026-10-07T22:06:10.2614283Z Hibernate: alter table if exists program drop constraint if exists FKmm31346maka2lbn7yq5q3f57m
Build	Run tests	2026-10-07T22:06:10.2616311Z ^[[1;35m07 Oct 22:06:10.201^[[0;39m ^[[34mINFO^[[0;39m ^[[36mi.z.t.d.p.p.DockerPostgresDatabaseProvider:^[[0;39m STDERR: 2026-10-07 22:06:10.199 UTC [55] LOG:  checkpoint starting: immediate force wait
Build	Run tests	2026-10-07T22:06:10.2620228Z ^[[1;35m07 Oct 22:06:10.202^[[0;39m ^[[34mINFO^[[0;39m ^[[36mi.z.t.d.p.p.DockerPostgresDatabaseProvider:^[[0;39m STDERR: 2026-10-07 22:06:10.201 UTC [55] LOG:  checkpoint complete: wrote 2 buffers (0.0%); 0 WAL file(s) added, 0 removed, 0 recycled; write=0.001 s, sync=0.001 s, total=0.002 s; sync files=0, longest=0.000 s, average=0.000 s; distance=0 kB, estimate=20326 kB; lsn=0/3E79948, redo lsn=0/3E79910
Build	Run tests	2026-10-07T22:06:10.2623015Z Hibernate: alter table if exists project drop constraint if exists FK7duygmonva8u2awxerjatlxx5
Build	Run tests	2026-10-07T22:06:10.2624373Z Hibernate: alter table if exists project_statistic_group drop constraint if exists FKr6r1av7y4jja01g3pqyepid68
Build	Run tests	2026-10-07T22:06:10.2625838Z Hibernate: alter table if exists project_statistic_group drop constraint if exists FK67w0k6busv1s5mondxfkfx9y5
Build	Run tests	2026-10-07T22:06:10.2631258Z Hibernate: alter table if exists report drop constraint if exists FKo9m30tjo0nnmib3h00iot17t9
Build	Run tests	2026-10-07T22:06:10.2641956Z Hibernate: alter table if exists report drop constraint if exists FK6g1ir5m32ud839unwe9to8g3u
Build	Run tests	2026-10-07T22:06:10.2643291Z Hibernate: alter table if exists report drop constraint if exists FKp2wspo0omho7mbnhcgdjihph6
Build	Run tests	2026-10-07T22:06:10.2644758Z Hibernate: alter table if exists report drop constraint if exists FKfub1qetwu18fm5ull9nnyfmme
Build	Run tests	2026-10-07T22:06:10.2646303Z Hibernate: alter table if exists report_customer_decision drop constraint if exists FK9ih7xtrhai8ibmcfedhrnjbim
Build	Run tests	2026-10-07T22:06:10.2648199Z Hibernate: alter table if exists residence_permit drop constraint if exists FKddo9yjk1f0p58tc0gwekon5aw
Build	Run tests	2026-10-07T22:06:10.2649589Z Hibernate: alter table if exists residence_permit drop constraint if exists FK2dcb336anm1vhuh789397w2x7
Build	Run tests	2026-10-07T22:06:10.2650948Z Hibernate: alter table if exists residence_permit drop constraint if exists FKn2ny3t84eo47bxg6m7msvwg91
Build	Run tests	2026-10-07T22:06:10.2652198Z Hibernate: alter table if exists task drop constraint if exists FK60iteiqpg3kt1diyr0gdx4rgo
Build	Run tests	2026-10-07T22:06:10.2653386Z Hibernate: alter table if exists task drop constraint if exists FKqhrntwa4ll5gplvs23bdocep8
Build	Run tests	2026-10-07T22:06:10.2654629Z Hibernate: alter table if exists task_to_file drop constraint if exists FKs5o0fdnng9qjwyw1dkpeoya4w
Build	Run tests	2026-10-07T22:06:10.2655907Z Hibernate: alter table if exists task_to_file drop constraint if exists FKneeee3denw6tsjaepm4n0ob0u
Build	Run tests	2026-10-07T22:06:10.2657370Z Hibernate: alter table if exists user_info drop constraint if exists FK33iyqry4vwr4v62idc1ggls6u
Build	Run tests	2026-10-07T22:06:10.2658615Z Hibernate: alter table if exists user_info drop constraint if exists FKh5ykoy99s3y7xh0jogs6qerrx
Build	Run tests	2026-10-07T22:06:10.2659829Z Hibernate: alter table if exists user_info drop constraint if exists FK5vb4un84bvb3cfoo2m1hh1vpp
Build	Run tests	2026-10-07T22:06:10.2661072Z Hibernate: alter table if exists user_info drop constraint if exists FK4ry1dr6aacpmfj8kmva41u81q
Build	Run tests	2026-10-07T22:06:10.2662077Z Hibernate: drop table if exists account cascade
Build	Run tests	2026-10-07T22:06:10.2663111Z Hibernate: drop table if exists contract cascade
Build	Run tests	2026-10-07T22:06:10.2663832Z Hibernate: drop table if exists file_info cascade
Build	Run tests	2026-10-07T22:06:10.2664526Z Hibernate: drop table if exists note cascade
Build	Run tests	2026-10-07T22:06:10.2665227Z Hibernate: drop table if exists official_group cascade
Build	Run tests	2026-10-07T22:06:10.2666013Z Hibernate: drop table if exists program cascade
Build	Run tests	2026-10-07T22:06:10.2667154Z Hibernate: drop table if exists program_curator cascade
Build	Run tests	2026-10-07T22:06:10.2668057Z Hibernate: drop table if exists program_curator_delegate cascade
Build	Run tests	2026-10-07T22:06:10.2668907Z Hibernate: drop table if exists project cascade
Build	Run tests	2026-10-07T22:06:10.2669747Z Hibernate: drop table if exists project_statistic_group cascade
Build	Run tests	2026-10-07T22:06:10.2670593Z Hibernate: drop table if exists report cascade
Build	Run tests	2026-10-07T22:06:10.2671642Z Hibernate: drop table if exists report_customer_decision cascade
Build	Run tests	2026-10-07T22:06:10.2672542Z Hibernate: drop table if exists residence_permit cascade
Build	Run tests	2026-10-07T22:06:10.2673390Z Hibernate: drop table if exists statistic_group cascade
Build	Run tests	2026-10-07T22:06:10.2674186Z Hibernate: drop table if exists task cascade
Build	Run tests	2026-10-07T22:06:10.2674943Z Hibernate: drop table if exists task_to_file cascade
Build	Run tests	2026-10-07T22:06:10.2675807Z Hibernate: drop table if exists user_secondary_program cascade
Build	Run tests	2026-10-07T22:06:10.2676882Z Hibernate: drop table if exists user_info cascade
Build	Run tests	2026-10-07T22:06:10.4589894Z ^[[1;35m07 Oct 22:06:10.374^[[0;39m ^[[34mINFO^[[0;39m ^[[36mi.z.t.d.p.e.EmbeddedPostgres:^[[0;39m waiting for server to shut down.... done
Build	Run tests	2026-10-07T22:06:10.4606878Z ^[[1;35m07 Oct 22:06:10.374^[[0;39m ^[[34mINFO^[[0;39m ^[[36mi.z.t.d.p.e.EmbeddedPostgres:^[[0;39m server stopped
Build	Run tests	2026-10-07T22:06:10.4610617Z ^[[1;35m07 Oct 22:06:10.375^[[0;39m ^[[34mINFO^[[0;39m ^[[36mi.z.t.d.p.e.EmbeddedPostgres:^[[0;39m 8be048cd-8db4-446c-b9fc-06cecd336da9 shut down postmaster in 00:00:00.117
Build	Run tests	2026-10-07T22:06:11.0602932Z 
Build	Run tests	2026-10-07T22:06:11.0602995Z 
Build	Run tests	2026-10-07T22:06:11.0677471Z > Task :service:test
Build	Run tests	2026-10-07T22:06:11.0678332Z 404 tests completed, 18 failed
Build	Run tests	2026-10-07T22:06:11.4603426Z 
Build	Run tests	2026-10-07T22:06:11.4604352Z > Task :service:test FAILED
Build	Run tests	2026-10-07T22:06:11.5587476Z 
Build	Run tests	2026-10-07T22:06:11.5587551Z 
Build	Run tests	2026-10-07T22:06:11.5617516Z FAILURE: Build failed with an exception.
Build	Run tests	2026-10-07T22:06:11.5618807Z [Incubating] Problems report is available at: file:///home/runner/work/portal-backend/portal-backend/build/reports/problems/problems-report.html
Build	Run tests	2026-10-07T22:06:11.5646727Z 
Build	Run tests	2026-10-07T22:06:11.5646758Z 
Build	Run tests	2026-10-07T22:06:11.5647329Z * What went wrong:
Build	Run tests	2026-10-07T22:06:11.5648085Z Deprecated Gradle features were used in this build, making it incompatible with Gradle 10.
Build	Run tests	2026-10-07T22:06:11.5677175Z Execution failed for task ':service:test'.
Build	Run tests	2026-10-07T22:06:11.5677588Z 
Build	Run tests	2026-10-07T22:06:11.5707731Z > There were failing tests. See the report at: file:///home/runner/work/portal-backend/portal-backend/service/build/reports/tests/test/index.html
Build	Run tests	2026-10-07T22:06:11.5709481Z You can use '--warning-mode all' to show the individual deprecation warnings and determine if they come from your own scripts or plugins.
Build	Run tests	2026-10-07T22:06:11.5736666Z 
Build	Run tests	2026-10-07T22:06:11.5736690Z 
Build	Run tests	2026-10-07T22:06:11.5737131Z * Try:
Build	Run tests	2026-10-07T22:06:11.5738229Z For more on this, please refer to https://docs.gradle.org/9.7.1/userguide/command_line_interface.html#sec:command_line_warnings in the Gradle documentation.
Build	Run tests	2026-10-07T22:06:11.5767366Z > Run with --scan to get full insights from a Build Scan (powered by Develocity).
Build	Run tests	2026-10-07T22:06:11.5768191Z 34 actionable tasks: 34 executed
Build	Run tests	2026-10-07T22:06:11.5793888Z 
Build	Run tests	2026-10-07T22:06:11.5814740Z BUILD FAILED in 3m 42s
Build	Run tests	2026-10-07T22:06:11.9278948Z ##[error]Process completed with exit code 1.
