#
# There is insufficient memory for the Java Runtime Environment to continue.
# Native memory allocation (mmap) failed to map 528482304 bytes. Error detail: G1 virtual space
# Possible reasons:
#   The system is out of physical RAM or swap space
#   This process is running with CompressedOops enabled, and the Java Heap may be blocking the growth of the native heap
# Possible solutions:
#   Reduce memory load on the system
#   Increase physical memory or swap space
#   Check if swap backing store is full
#   Decrease Java heap size (-Xmx/-Xms)
#   Decrease number of Java threads
#   Decrease Java thread stack sizes (-Xss)
#   Set larger code cache with -XX:ReservedCodeCacheSize=
#   JVM is running with Zero Based Compressed Oops mode in which the Java heap is
#     placed in the first 32GB address space. The Java Heap base address is the
#     maximum limit for the native heap growth. Please use -XX:HeapBaseMinAddress
#     to set the Java Heap base and to place the Java Heap above 32GB virtual address.
# This output file may be truncated or incomplete.
#
#  Out of Memory Error (os_windows.cpp:3737), pid=48484, tid=35028
#
# JRE version:  (21.0.10+7) (build )
# Java VM: OpenJDK 64-Bit Server VM (21.0.10+7-LTS, mixed mode, sharing, tiered, compressed oops, compressed class ptrs, g1 gc, windows-amd64)
# No core dump will be written. Minidumps are not enabled by default on client versions of Windows
#

---------------  S U M M A R Y ------------

Command Line: -Dnet.bytebuddy.agent.attacher.dump= net.bytebuddy.agent.Attacher com.sun.tools.attach.VirtualMachine 11796 C:\Users\glebo\.gradle\caches\modules-2\files-2.1\net.bytebuddy\byte-buddy-agent\1.17.8\f09415827a71be7ed621c7bd02550678f28bc81c\byte-buddy-agent-1.17.8.jar false 

Host: AMD Ryzen 5 4600H with Radeon Graphics         , 12 cores, 31G,  Windows 11 , 64 bit Build 26100 (10.0.26100.9444)
Time: Tue Sep 29 16:44:47 2026 elapsed time: 0.101282 seconds (0d 0h 0m 0s)

---------------  T H R E A D  ---------------

Current thread (0x00000259819faa10):  JavaThread "Unknown thread" [_thread_in_vm, id=35028, stack(0x0000008ce8100000,0x0000008ce8200000) (1024K)]

Stack: [0x0000008ce8100000,0x0000008ce8200000]
Native frames: (J=compiled Java code, j=interpreted, Vv=VM code, C=native code)
V  [jvm.dll+0x6dfe69]  (no source info available)
V  [jvm.dll+0x8bfe4b]  (no source info available)
V  [jvm.dll+0x8c23da]  (no source info available)
V  [jvm.dll+0x8c2ab3]  (no source info available)
V  [jvm.dll+0x28a9e6]  (no source info available)
V  [jvm.dll+0x6df315]  (no source info available)
V  [jvm.dll+0x6d325a]  (no source info available)
V  [jvm.dll+0x367a0e]  (no source info available)
V  [jvm.dll+0x36f8db]  (no source info available)
V  [jvm.dll+0x3c13a9]  (no source info available)
V  [jvm.dll+0x3c164b]  (no source info available)
V  [jvm.dll+0x33b2c7]  (no source info available)
V  [jvm.dll+0x33be0b]  (no source info available)
V  [jvm.dll+0x88a37e]  (no source info available)
V  [jvm.dll+0x3ce301]  (no source info available)
V  [jvm.dll+0x87328c]  (no source info available)
V  [jvm.dll+0x461f31]  (no source info available)
V  [jvm.dll+0x463b71]  (no source info available)
C  [jli.dll+0x52f0]  (no source info available)
C  [ucrtbase.dll+0x2cd30]  (no source info available)
C  [KERNEL32.DLL+0x2cd87]  (no source info available)
C  [ntdll.dll+0xacaec]  (no source info available)


---------------  P R O C E S S  ---------------

Threads class SMR info:
_java_thread_list=0x00007ffcd97c7288, length=0, elements={
}

Java Threads: ( => current thread )
Total: 0

Other Threads:
  0x0000025983f08d90 WorkerThread "GC Thread#0"                     [id=44256, stack(0x0000008ce8200000,0x0000008ce8300000) (1024K)]
  0x0000025983f15bc0 ConcurrentGCThread "G1 Main Marker"            [id=29912, stack(0x0000008ce8300000,0x0000008ce8400000) (1024K)]
  0x00000259a57f31c0 WorkerThread "G1 Conc#0"                       [id=44420, stack(0x0000008ce8400000,0x0000008ce8500000) (1024K)]

[error occurred during error reporting (printing all threads), id 0xc0000005, EXCEPTION_ACCESS_VIOLATION (0xc0000005) at pc=0x00007ffcd8ebdd87]
VM state: not at safepoint (not fully initialized)

VM Mutex/Monitor currently owned by a thread:  ([mutex/lock_event])
[0x00007ffcd983b9a0] Heap_lock - owner thread: 0x00000259819faa10

Heap address: 0x000000060a000000, size: 8032 MB, Compressed Oops mode: Zero based, Oop shift amount: 3

CDS archive(s) mapped at: [0x0000000000000000-0x0000000000000000-0x0000000000000000), size 0, SharedBaseAddress: 0x0000000800000000, ArchiveRelocationMode: 1.
Narrow klass base: 0x0000000000000000, Narrow klass shift: 0, Narrow klass range: 0x0

GC Precious Log:
 CardTable entry size: 512
 Card Set container configuration: InlinePtr #cards 4 size 8 Array Of Cards #cards 32 size 80 Howl #buckets 8 coarsen threshold 7372 Howl Bitmap #cards 1024 size 144 coarsen threshold 921 Card regions per heap region 1 cards per card region 8192

Heap:
 garbage-first heap   total 0K, used 0K [0x000000060a000000, 0x0000000800000000)
  region size 4096K, 0 young (0K), 0 survivors (0K)

[error occurred during error reporting (printing heap information), id 0xc0000005, EXCEPTION_ACCESS_VIOLATION (0xc0000005) at pc=0x00007ffcd92ace29]
GC Heap History (0 events):
No events

Dll operation events (1 events):
Event: 0.012 Loaded shared library C:\Program Files\Microsoft\jdk-21.0.10.7-hotspot\bin\java.dll

Deoptimization events (0 events):
No events

Classes loaded (0 events):
No events

Classes unloaded (0 events):
No events

Classes redefined (0 events):
No events

Internal exceptions (0 events):
No events

ZGC Phase Switch (0 events):
No events

VM Operations (0 events):
No events

Memory protections (0 events):
No events

Nmethod flushes (0 events):
No events

Events (0 events):
No events


Dynamic libraries:
0x00007ff69c500000 - 0x00007ff69c50e000 	C:\Program Files\Microsoft\jdk-21.0.10.7-hotspot\bin\java.exe
0x00007ffdfef40000 - 0x00007ffdff1a7000 	C:\WINDOWS\SYSTEM32\ntdll.dll
0x00007ffdfe310000 - 0x00007ffdfe3db000 	C:\WINDOWS\System32\KERNEL32.DLL
0x00007ffdfc1d0000 - 0x00007ffdfc5d2000 	C:\WINDOWS\System32\KERNELBASE.dll
0x00007ffdfc920000 - 0x00007ffdfca6c000 	C:\WINDOWS\System32\ucrtbase.dll
0x00007ffdca2a0000 - 0x00007ffdca2b8000 	C:\Program Files\Microsoft\jdk-21.0.10.7-hotspot\bin\jli.dll
0x00007ffdc6610000 - 0x00007ffdc662e000 	C:\Program Files\Microsoft\jdk-21.0.10.7-hotspot\bin\VCRUNTIME140.dll
0x00007ffdfdcb0000 - 0x00007ffdfde7f000 	C:\WINDOWS\System32\USER32.dll
0x00007ffdfc6a0000 - 0x00007ffdfc6c7000 	C:\WINDOWS\System32\win32u.dll
0x00007ffde4ab0000 - 0x00007ffde4d40000 	C:\WINDOWS\WinSxS\amd64_microsoft.windows.common-controls_6595b64144ccf1df_6.0.26100.9278_none_3e0d1ba8e3303201\COMCTL32.dll
0x00007ffdfdff0000 - 0x00007ffdfe01b000 	C:\WINDOWS\System32\GDI32.dll
0x00007ffdfd220000 - 0x00007ffdfd2c9000 	C:\WINDOWS\System32\msvcrt.dll
0x00007ffdfcb30000 - 0x00007ffdfcc59000 	C:\WINDOWS\System32\gdi32full.dll
0x00007ffdfca80000 - 0x00007ffdfcb23000 	C:\WINDOWS\System32\msvcp_win.dll
0x00007ffdfeec0000 - 0x00007ffdfeef1000 	C:\WINDOWS\System32\IMM32.DLL
0x00007ffde79f0000 - 0x00007ffde79fc000 	C:\Program Files\Microsoft\jdk-21.0.10.7-hotspot\bin\vcruntime140_1.dll
0x00007ffd56d70000 - 0x00007ffd56df9000 	C:\Program Files\Microsoft\jdk-21.0.10.7-hotspot\bin\msvcp140.dll
0x00007ffcd8b70000 - 0x00007ffcd991d000 	C:\Program Files\Microsoft\jdk-21.0.10.7-hotspot\bin\server\jvm.dll
0x00007ffdfde90000 - 0x00007ffdfdf4c000 	C:\WINDOWS\System32\ADVAPI32.dll
0x00007ffdfe4c0000 - 0x00007ffdfe569000 	C:\WINDOWS\System32\sechost.dll
0x00007ffdfd2f0000 - 0x00007ffdfd408000 	C:\WINDOWS\System32\RPCRT4.dll
0x00007ffdfe280000 - 0x00007ffdfe300000 	C:\WINDOWS\System32\WS2_32.dll
0x00007ffdfbfa0000 - 0x00007ffdfbffe000 	C:\WINDOWS\SYSTEM32\POWRPROF.dll
0x00007ffdee200000 - 0x00007ffdee236000 	C:\WINDOWS\SYSTEM32\WINMM.dll
0x00007ffdf54d0000 - 0x00007ffdf54db000 	C:\WINDOWS\SYSTEM32\VERSION.dll
0x00007ffdfbf80000 - 0x00007ffdfbf95000 	C:\WINDOWS\SYSTEM32\UMPDC.dll
0x00007ffdfadd0000 - 0x00007ffdfadeb000 	C:\WINDOWS\SYSTEM32\kernel.appcore.dll
0x00007ffde0ae0000 - 0x00007ffde0aea000 	C:\Program Files\Microsoft\jdk-21.0.10.7-hotspot\bin\jimage.dll
0x00007ffded8e0000 - 0x00007ffdedb2c000 	C:\WINDOWS\SYSTEM32\DBGHELP.DLL
0x00007ffdfeaa0000 - 0x00007ffdfee25000 	C:\WINDOWS\System32\combase.dll
0x00007ffdfe3e0000 - 0x00007ffdfe4b9000 	C:\WINDOWS\System32\OLEAUT32.dll
0x00007ffde4e20000 - 0x00007ffde4e5b000 	C:\WINDOWS\SYSTEM32\dbgcore.DLL
0x00007ffdfc860000 - 0x00007ffdfc90c000 	C:\WINDOWS\System32\bcryptPrimitives.dll
0x00007ffd93c80000 - 0x00007ffd93ca1000 	C:\Program Files\Microsoft\jdk-21.0.10.7-hotspot\bin\java.dll

JVMTI agents: none

dbghelp: loaded successfully - version: 4.0.5 - missing functions: none
symbol engine: initialized successfully - sym options: 0x614 - pdb path: .;C:\Program Files\Microsoft\jdk-21.0.10.7-hotspot\bin;C:\WINDOWS\SYSTEM32;C:\WINDOWS\WinSxS\amd64_microsoft.windows.common-controls_6595b64144ccf1df_6.0.26100.9278_none_3e0d1ba8e3303201;C:\Program Files\Microsoft\jdk-21.0.10.7-hotspot\bin\server

VM Arguments:
jvm_args: -Dnet.bytebuddy.agent.attacher.dump= 
java_command: net.bytebuddy.agent.Attacher com.sun.tools.attach.VirtualMachine 11796 C:\Users\glebo\.gradle\caches\modules-2\files-2.1\net.bytebuddy\byte-buddy-agent\1.17.8\f09415827a71be7ed621c7bd02550678f28bc81c\byte-buddy-agent-1.17.8.jar false 
java_class_path (initial): C:\Users\glebo\.gradle\caches\modules-2\files-2.1\net.bytebuddy\byte-buddy-agent\1.17.8\f09415827a71be7ed621c7bd02550678f28bc81c\byte-buddy-agent-1.17.8.jar
Launcher Type: SUN_STANDARD

[Global flags]
     intx CICompilerCount                          = 4                                         {product} {ergonomic}
     uint ConcGCThreads                            = 3                                         {product} {ergonomic}
     uint G1ConcRefinementThreads                  = 10                                        {product} {ergonomic}
   size_t G1HeapRegionSize                         = 4194304                                   {product} {ergonomic}
    uintx GCDrainStackTargetSize                   = 64                                        {product} {ergonomic}
   size_t InitialHeapSize                          = 528482304                                 {product} {ergonomic}
   size_t MarkStackSize                            = 4194304                                   {product} {ergonomic}
   size_t MaxHeapSize                              = 8422162432                                {product} {ergonomic}
   size_t MinHeapDeltaBytes                        = 4194304                                   {product} {ergonomic}
   size_t MinHeapSize                              = 8388608                                   {product} {ergonomic}
    uintx NonNMethodCodeHeapSize                   = 5839372                                {pd product} {ergonomic}
    uintx NonProfiledCodeHeapSize                  = 122909434                              {pd product} {ergonomic}
    uintx ProfiledCodeHeapSize                     = 122909434                              {pd product} {ergonomic}
    uintx ReservedCodeCacheSize                    = 251658240                              {pd product} {ergonomic}
     bool SegmentedCodeCache                       = true                                      {product} {ergonomic}
   size_t SoftMaxHeapSize                          = 8422162432                             {manageable} {ergonomic}
     bool UseCompressedOops                        = true                           {product lp64_product} {ergonomic}
     bool UseG1GC                                  = true                                      {product} {ergonomic}
     bool UseLargePagesIndividualAllocation        = false                                  {pd product} {ergonomic}

Logging:
Log output configuration:
 #0: stdout all=warning uptime,level,tags foldmultilines=false
 #1: stderr all=off uptime,level,tags foldmultilines=false

Release file:
<release file has not been read>
Environment Variables:
JAVA_HOME=C:\Program Files\Microsoft\jdk-21.0.10.7-hotspot
PATH=C:\Program Files\Microsoft\jdk-21.0.10.7-hotspot\bin;c:\Users\glebo\AppData\Local\Programs\cursor\resources\app\node_modules\@vscode\ripgrep\bin;C:\Program Files (x86)\Common Files\Oracle\Java\java8path;C:\Program Files (x86)\Common Files\Oracle\Java\javapath;C:\Program Files\Eclipse Adoptium\jdk-23.0.2.7-hotspot\bin;C:\Program Files\Microsoft\jdk-21.0.10.7-hotspot\bin;C:\Python313\Scripts\;C:\Python313\;C:\WINDOWS\system32;C:\WINDOWS;C:\WINDOWS\System32\Wbem;C:\WINDOWS\System32\WindowsPowerShell\v1.0\;C:\WINDOWS\System32\OpenSSH\;C:\Program Files\dotnet\;C:\Program Files\Microsoft SQL Server\150\Tools\Binn\;C:\Program Files\Common Files\Autodesk Shared\;C:\Program Files\Microsoft SQL Server\120\Tools\Binn\;C:\Program Files (x86)\Common Files\Autodesk Shared\;D:\Autodesk 3ds Max 2008\;C:\ProgramData\chocolatey\bin;E:\nodejs\;C:\Users\glebo\AppData\Local\Muse Hub\lib;C:\Program Files (x86)\Gpg4win\..\GnuPG\bin;C:\Program Files\Git\cmd;C:\Program Files\Go\bin;C:\Program Files\PuTTY\;C:\Program Files (x86)\HP\HP OCR\DB_Lib\;C:\Program Files\HP\Common\HPDestPlgIn\;C:\Program Files (x86)\HP\Common\HPDestPlgIn\;C:\Program Files\Docker\Docker\resources\bin;C:\Users\glebo\scoop\apps\composer\current\home\vendor\bin;C:\Users\glebo\scoop\shims;C:\Python313\Scripts\;C:\Python313\;C:\WINDOWS\system32;C:\WINDOWS;C:\WINDOWS\System32\Wbem;C:\WINDOWS\System32\WindowsPowerShell\v1.0\;C:\WINDOWS\System32\OpenSSH\;C:\Program Files\dotnet\;C:\Program Files\Microsoft SQL Server\150\Tools\Binn\;C:\Program Files\Common Files\Autodesk Shared\;C:\Program Files\Microsoft SQL Server\120\Tools\Binn\;C:\Program Files (x86)\Common Files\Autodesk Shared\;D:\Autodesk 3ds Max 2008\;C:\ProgramData\chocolatey\bin;E:\nodejs\;C:\Users\glebo\AppData\Local\Muse Hub\lib;C:\Program Files (x86)\Gpg4win\..\GnuPG\bin;C:\Program Files\Git\cmd;C:\Program Files\Go\bin;C:\Python313\Scripts\;C:\Python313\;C:\WINDOWS\system32;C:\WINDOWS;C:\WINDOWS\System32\Wbem;C:\WINDOWS\System32\WindowsPowerShell\v1.0\;C:\WINDOWS\System32\OpenSSH\;C:\Program Files\dotnet\;C:\Program Files\Microsoft SQL Server\150\Tools\Binn\;C:\Program Files\Common Files\Autodesk Shared\;C:\Program Files\Microsoft SQL Server\120\Tools\Binn\;C:\Program Files (x86)\Common Files\Autodesk Shared\;D:\Autodesk 3ds Max 2008\;C:\Users\glebo\.dotnet\tools;C:\Users\glebo\AppData\Local\Programs\Microsoft VS Code\bin;C:\Users\glebo\AppData\Local\Programs\cursor\resources\app\bin;C:\Users\glebo\AppData\Local\GitHubDesktop\bin;C:\Program Files\HP\Common\HPDestPlgIn\;C:\Program Files (x86)\HP\Common\HPDestPlgIn\
USERNAME=glebo
TERM=dumb
OS=Windows_NT
PROCESSOR_IDENTIFIER=AMD64 Family 23 Model 96 Stepping 1, AuthenticAMD
TMP=C:\Users\glebo\AppData\Local\Temp
TEMP=C:\Users\glebo\AppData\Local\Temp




Periodic native trim disabled

---------------  S Y S T E M  ---------------

OS:
 Windows 11 , 64 bit Build 26100 (10.0.26100.9444)
OS uptime: 13 days 14:12 hours
Hyper-V role detected

CPU: total 12 (initial active 12) (12 cores per cpu, 2 threads per core) family 23 model 96 stepping 1 microcode 0x8600104, cx8, cmov, fxsr, ht, mmx, 3dnowpref, sse, sse2, sse3, ssse3, sse4a, sse4.1, sse4.2, popcnt, lzcnt, tsc, tscinvbit, avx, avx2, aes, clmul, bmi1, bmi2, adx, sha, fma, vzeroupper, clflush, clflushopt, hv, rdtscp, rdpid, f16c
Processor Information for the first 12 processors :
  Max Mhz: 3000, Current Mhz: 3000, Mhz Limit: 3000

Memory: 4k page, system-wide physical 32125M (11512M free)
TotalPageFile size 32125M (AvailPageFile size 115M)
current process WorkingSet (physical memory assigned to process): 13M, peak: 13M
current process commit charge ("private bytes"): 65M, peak: 569M

vm_info: OpenJDK 64-Bit Server VM (21.0.10+7-LTS) for windows-amd64 JRE (21.0.10+7-LTS), built on 2026-01-15T18:39:42Z by "MicrosoftCorporation" with MS VC++ 17.14 (VS2022)

END.
